test wrote at 12:56
